nicop@DESKTOP-TSILGNE MINGW64 ~/OneDrive/Escritorio/digital_house
$ mv intro_informatica/"clase 3"/Peliculas/Infantiles/Intenzamente.txt intro_informatica/"clase 3"/Peliculas/Infantiles/Intensamente.txt

nicop@DESKTOP-TSILGNE MINGW64 ~/OneDrive/Escritorio/digital_house
$ mv intro_informatica/"clase 3"/Peliculas/Infantiles/"La dama y el bagavundo.png" intro_informatica/"clase 3"/Peliculas/Infantiles/"La dama y el vagabundo.png"

nicop@DESKTOP-TSILGNE MINGW64 ~/OneDrive/Escritorio/digital_house
$ mv intro_informatica/"clase 3"/Peliculas/Terror/"el hexorcista.xls" intro_informatica/"clase 3"/Peliculas/Terror/"El exorcista.xls"

nicop@DESKTOP-TSILGNE MINGW64 ~/OneDrive/Escritorio/digital_house
$ rm intro_informatica/"clase 3"/Peliculas/Accion/"Smooth Criminal.txt"

nicop@DESKTOP-TSILGNE MINGW64 ~/OneDrive/Escritorio/digital_house
$ rm intro_informatica/"clase 3"/Peliculas/Romanticas/"We will rock you.js"

nicop@DESKTOP-TSILGNE MINGW64 ~/OneDrive/Escritorio/digital_house
$ touch intro_informatica/"clase 3"/Peliculas/Accion/Prueba2/noBorrar.js

nicop@DESKTOP-TSILGNE MINGW64 ~/OneDrive/Escritorio/digital_house
$ cd intro_informatica/"clase 3"/Peliculas

nicop@DESKTOP-TSILGNE MINGW64 ~/OneDrive/Escritorio/digital_house/intro_informatica/clase 3/Peliculas (Parra_Nicolas)
$ mv Accion/Prueba2/noBorrar.js Romanticas/"Prueba dentro de la carpeta"

nicop@DESKTOP-TSILGNE MINGW64 ~/OneDrive/Escritorio/digital_house/intro_informatica/clase 3/Peliculas (Parra_Nicolas)
$ cd ../../..

nicop@DESKTOP-TSILGNE MINGW64 ~/OneDrive/Escritorio/digital_house
$ touch camadax.txt

nicop@DESKTOP-TSILGNE MINGW64 ~/OneDrive/Escritorio/digital_house
$ cd intro_informatica/"clase 3"/Peliculas

nicop@DESKTOP-TSILGNE MINGW64 ~/OneDrive/Escritorio/digital_house/intro_informatica/clase 3/Peliculas (Parra_Nicolas)
$ mv Terror/IT.xls Infantiles

nicop@DESKTOP-TSILGNE MINGW64 ~/OneDrive/Escritorio/digital_house/intro_informatica/clase 3/Peliculas (Parra_Nicolas)
$ rm ../../../camadax.txt

nicop@DESKTOP-TSILGNE MINGW64 ~/OneDrive/Escritorio/digital_house/intro_informatica/clase 3/Peliculas (Parra_Nicolas)
$ rm -r Romanticas/"Prueba dentro de la carpeta"

nicop@DESKTOP-TSILGNE MINGW64 ~/OneDrive/Escritorio/digital_house/intro_informatica/clase 3/Peliculas (Parra_Nicolas)
$ rm ../"clase 3"/intro_informatica/camadax.txt